<?php

namespace Acme\AcmeBundle\Controller;

use Symfony\Component\HttpFoundation\Request;
use Symfony\Component\HttpFoundation\Response;

class DefaultController
{
    public function __invoke(Request $request): Response
    {
        return new Response('Hello AcmeBundle!');
    }
}
